============================= test session starts =============================
platform win32 -- Python 3.12.11, pytest-9.0.2, pluggy-1.6.0
rootdir: C:\Users\nbryant\data cop\rl-llm\rl-llm-toolchain-optimisation
configfile: pyproject.toml
plugins: anyio-4.12.1, asyncio-1.3.0
asyncio: mode=Mode.STRICT, debug=False, asyncio_default_fixture_loop_scope=None, asyncio_default_test_loop_scope=function
collected 4 items

tests\test_reward_function.py ....                                       [100%]

============================== 4 passed in 2.44s ==============================
